// Jest Snapshot v1, https://goo.gl/fbAQLP

exports[`create a AlignJustify icon 1`] = `
<span
  data-active={false}
  onClick={undefined}
  onMouseDown={[Function]}
>
  <svg
    className={undefined}
    colorLabelClassName={undefined}
    colorStyle={undefined}
    evenClassName={undefined}
    fillClassName={undefined}
    height="18px"
    strokeMitterClassName={undefined}
    thinClassName={undefined}
    transparentClassName={undefined}
    viewBox="0 0 18 18"
    width="18px"
  >
    <line
      className="ql-stroke"
      x1="15"
      x2="3"
      y1="9"
      y2="9"
    />
    <line
      className="ql-stroke"
      x1="15"
      x2="3"
      y1="14"
      y2="14"
    />
    <line
      className="ql-stroke"
      x1="15"
      x2="3"
      y1="4"
      y2="4"
    />
  </svg>
</span>
`;
